// Jest Snapshot v1, https://goo.gl/fbAQLP

exports[`ApplicationsMenu component should render navigation with button and menu items in dropdown 1`] = `
<nav id="applications-menu" aria-label="Main navigation" class="oc-flex oc-flex-middle">
  <oc-button-stub id="_appSwitcherButton" appearance="raw" variation="inverse" aria-label="Application Switcher" class="oc-topbar-menu-burger">
    <oc-icon-stub name="grid" size="large" class="oc-flex"></oc-icon-stub>
  </oc-button-stub>
  <oc-drop-stub drop-id="app-switcher-dropdown" toggle="#_appSwitcherButton" mode="click" options="[object Object]" padding-size="small" close-on-click="" class="oc-width-auto">
    <ul class="oc-my-rm oc-px-rm">
      <li class="list-item oc-p-s">
        <router-link-stub to="/files">
          <oc-icon-stub name="folder" size="large"></oc-icon-stub> <span class="link-text">Files</span>
        </router-link-stub>
      </li>
      <li class="list-item oc-p-s"><a target="_blank" href="http://some.org">
          <oc-icon-stub name="some-icon" size="large"></oc-icon-stub> <span class="link-text">External</span>
        </a></li>
    </ul>
  </oc-drop-stub>
</nav>
`;
